// Jest Snapshot v1, https://goo.gl/fbAQLP

exports[`Testing Home matches the snapshot to check if the component renders correctly 1`] = `
<div
  className="MuiContainer-root MuiContainer-maxWidthLg css-1oqqzyl-MuiContainer-root"
>
  <div
    className="MuiContainer-root MuiContainer-maxWidthLg css-1oqqzyl-MuiContainer-root"
  >
    <header
      className="sc-jRQBWg jfEDmn"
      elevation={0}
    >
      <div
        className="MuiToolbar-root MuiToolbar-gutters MuiToolbar-regular css-1t018ql-MuiToolbar-root"
      >
        <h6
          className="MuiTypography-root MuiTypography-h6 MuiTypography-noWrap css-uh02xs-MuiTypography-root"
        >
          we
        </h6>
        <nav>
          <ul>
            <li>
              <a
                className="MuiTypography-root MuiTypography-button MuiLink-root MuiLink-underlineAlways css-1xkhg5k-MuiTypography-root-MuiLink-root"
                href="#"
                onBlur={[Function]}
                onFocus={[Function]}
              >
                Help
              </a>
            </li>
            <li>
              <a
                className="MuiTypography-root MuiTypography-button MuiLink-root MuiLink-underlineAlways css-1xkhg5k-MuiTypography-root-MuiLink-root"
                href="#"
                onBlur={[Function]}
                onFocus={[Function]}
              >
                Company
              </a>
            </li>
            <li>
              <a
                className="MuiTypography-root MuiTypography-button MuiLink-root MuiLink-underlineAlways css-1xkhg5k-MuiTypography-root-MuiLink-root"
                href="#"
                onBlur={[Function]}
                onFocus={[Function]}
              >
                Pricing
              </a>
               
            </li>
            <li>
              <a
                className="MuiTypography-root MuiTypography-button MuiLink-root MuiLink-underlineAlways css-1xkhg5k-MuiTypography-root-MuiLink-root"
                href="#"
                onBlur={[Function]}
                onFocus={[Function]}
              >
                Sign up
              </a>
               
            </li>
            <li>
              <a
                className="MuiTypography-root MuiTypography-button MuiLink-root MuiLink-underlineAlways css-1xkhg5k-MuiTypography-root-MuiLink-root"
                href="#"
                onBlur={[Function]}
                onFocus={[Function]}
              >
                Log in
              </a>
            </li>
          </ul>
        </nav>
      </div>
    </header>
  </div>
  <main
    className="sc-bdvvtL knzQyN"
  >
    <div
      className="transfer__window"
    >
      <svg
        className="sc-hKwDye bWhgQa"
        viewBox="0 0 170 170"
      >
        <g
          fill="#d4d7d9"
          fillRule="evenodd"
        >
          <path
            d="M145.104 24.896c33.195 33.194 33.195 87.014 0 120.208-33.194 33.195-87.014 33.195-120.208 0C-8.3 111.91-8.3 58.09 24.896 24.896 58.09-8.3 111.91-8.3 145.104 24.896zm-7.071 7.071c-29.29-29.29-76.777-29.29-106.066 0-29.29 29.29-29.29 76.777 0 106.066 29.29 29.29 76.777 29.29 106.066 0 29.29-29.29 29.29-76.777 0-106.066z"
          />
          <path
            d="M82 100.843V59.007A4.006 4.006 0 0 1 86 55c2.21 0 4 1.794 4 4.007v41.777l15.956-15.956a4.003 4.003 0 0 1 5.657 0 4.004 4.004 0 0 1 0 5.657l-22.628 22.628a3.99 3.99 0 0 1-3.017 1.166 3.992 3.992 0 0 1-3.012-1.166L60.328 90.485a4.003 4.003 0 0 1 0-5.657 4.004 4.004 0 0 1 5.657 0L82 100.843z"
          />
        </g>
      </svg>
      <div
        className="download__top-icon"
      >
        <h3
          style={
            Object {
              "margin": 0,
            }
          }
        >
          Ready when you are
        </h3>
        <p
          style={
            Object {
              "margin": 0,
            }
          }
        >
          Transfer expires in four days
        </p>
      </div>
      <p>
        GoProposal Frontend test 
      </p>
      <div
        style={
          Object {
            "borderBottom": "1px solid",
            "borderTop": "1px solid",
            "display": "flex",
            "padding": "4px",
          }
        }
      >
        <div>
          <h4
            style={
              Object {
                "fontSize": "14px ",
                "margin": "0",
              }
            }
          >
            recruitment-frontend-test.zip
          </h4>
          <p
            style={
              Object {
                "display": "flex",
                "margin": 0,
              }
            }
            y={true}
          >
            652kb zip
          </p>
        </div>
        <svg
          className="sc-eCImPb jItAHw"
          viewBox="0 0 24 24"
        >
          <path
            d="M22 12c0-5.523-4.477-10-10-10S2 6.477 2 12s4.477 10 10 10 10-4.477 10-10zm-9 1.492V7.998C13 7.446 12.552 7 12 7c-.556 0-1 .447-1 .998v5.48l-2.53-2.53c-.385-.385-1.022-.39-1.413.002-.393.393-.39 1.022-.002 1.412l4.247 4.247c.192.19.447.288.702.288.26.003.514-.095.708-.29l4.247-4.246c.383-.385.387-1.022-.003-1.412-.394-.393-1.023-.392-1.413-.002L13 13.492zM0 12C0 5.373 5.373 0 12 0s12 5.373 12 12-5.373 12-12 12S0 18.627 0 12z"
            fillRule="evenodd"
          />
        </svg>
      </div>
      <button
        className="MuiButton-root MuiButton-contained MuiButton-containedPrimary MuiButton-sizeMedium MuiButton-containedSizeMedium MuiButtonBase-root sc-dkPtRN jhgYgd css-sghohy-MuiButtonBase-root-MuiButton-root"
        disabled={false}
        onBlur={[Function]}
        onContextMenu={[Function]}
        onDragLeave={[Function]}
        onFocus={[Function]}
        onKeyDown={[Function]}
        onKeyUp={[Function]}
        onMouseDown={[Function]}
        onMouseLeave={[Function]}
        onMouseUp={[Function]}
        onTouchEnd={[Function]}
        onTouchMove={[Function]}
        onTouchStart={[Function]}
        tabIndex={0}
        type="button"
      >
        Download
      </button>
    </div>
    <div>
      <h1
        className="MuiTypography-root MuiTypography-h2 MuiTypography-alignCenter MuiTypography-gutterBottom css-10759ka-MuiTypography-root"
      >
        Pricing
      </h1>
      <p
        className="MuiTypography-root MuiTypography-h5 MuiTypography-alignCenter css-1bqvlh8-MuiTypography-root"
      >
        Quickly build an effective pricing table for your potential customers with this layout. It's built with default MUI components with little customization.
      </p>
    </div>
  </main>
</div>
`;
